// Jest Snapshot v1, https://goo.gl/fbAQLP

exports[`Home page matches snapshot 1`] = `
<DocumentFragment>
  <div>
    <div
      class="py-20 bg-gradient-to-r from-[667eea]-0 to-[764ba2]-900 text-gray-100"
    >
      <div
        class="container mx-auto px-6"
      >
        <h2
          class="text-4xl font-bold mb-2 text-white"
        >
          Welcome To The Shoppies!
        </h2>
        <h3
          class="text-2xl mb-8 text-gray-200"
        >
          Movie awards for entrepreneurs.
        </h3>
        <button
          class="bg-white text-gray-800 font-bold rounded-full py-4 px-8 shadow-lg uppercase tracking-wider"
        >
          Search For Movies
        </button>
      </div>
    </div>
    <section
      class="container mx-auto px-6 p-10"
    >
      <h2
        class="text-4xl font-bold text-center text-gray-100 mb-20"
      >
        Nomination
      </h2>
      <div
        class="flex items-center flex-wrap mb-20"
      >
        <div
          class="w-full md:w-1/2"
        >
          <h4
            class="text-3xl  font-bold mb-3"
          >
            Search
          </h4>
          <p
            class=" mb-8 text-gray-200"
          >
            Our Smart Health Monitoring Wristwatch is able to capture you vitals while you exercise. You can create different category of exercises and can track your vitals on the go.
          </p>
        </div>
        <div
          class="w-full md:w-1/2"
        >
          <img
            alt="Search"
            src="/landing_search.svg"
          />
        </div>
      </div>
      <div
        class="flex items-center flex-wrap mb-20"
      >
        <div
          class="w-full md:w-1/2"
        >
          <img
            alt="Choose"
            src="/landing_choose.svg"
          />
        </div>
        <div
          class="w-full md:w-1/2 pl-10"
        >
          <h4
            class="text-3xl font-bold mb-3"
          >
            Choose
          </h4>
          <p
            class="mb-8 text-gray-200"
          >
            Pick out your favorite movies! Nominate up to five movies for the coveted Shoppies Movie Award.
          </p>
        </div>
      </div>
      <div
        class="flex items-center flex-wrap mb-20"
      >
        <div
          class="w-full md:w-1/2"
        >
          <h4
            class="text-3xl font-bold mb-3"
          >
            Share
          </h4>
          <p
            class="text-gray-200 mb-8"
          >
            Send your list of nominations to your friends.
          </p>
        </div>
        <div
          class="w-full md:w-1/2"
        >
          <img
            alt="Share"
            src="/landing_share.svg"
          />
        </div>
      </div>
    </section>
    <section
      class="bg-gray-100 text-gray-800"
    >
      <div
        class="container mx-auto px-6 py-20"
      >
        <h2
          class="text-4xl font-bold text-center  mb-10"
        >
          Top Nominated
        </h2>
        <div
          class="flex flex-wrap"
        >
          <div
            class="w-full md:w-1/3 px-2 mb-4"
          >
            <p
              class="text-center mb-4 text-2xl font-bold"
            >
              154,233
            </p>
            <mocked-movie
              imdbid="tt1856101"
              poster="https://m.media-amazon.com/images/M/MV5BNzA1Njg4NzYxOV5BMl5BanBnXkFtZTgwODk5NjU3MzI@._V1_SX300.jpg"
              title="Blade Runner 2049"
              type="movie"
              year="2017"
            />
          </div>
          <div
            class="w-full md:w-1/3 px-2 mb-4"
          >
            <p
              class="text-center mb-4 text-2xl font-bold"
            >
              151,591
            </p>
            <mocked-movie
              imdbid="tt0111161"
              poster="https://m.media-amazon.com/images/M/MV5BMDFkYTc0MGEtZmNhMC00ZDIzLWFmNTEtODM1ZmRlYWMwMWFmXkEyXkFqcGdeQXVyMTMxODk2OTU@._V1_SX300.jpg"
              title="The Shawshank Redemption"
              type="movie"
              year="1994"
            />
          </div>
          <div
            class="w-full md:w-1/3 px-2 mb-4"
          >
            <p
              class="text-center mb-4 text-2xl font-bold"
            >
              140,557
            </p>
            <mocked-movie
              imdbid="tt6723592"
              poster="https://m.media-amazon.com/images/M/MV5BYzg0NGM2NjAtNmIxOC00MDJmLTg5ZmYtYzM0MTE4NWE2NzlhXkEyXkFqcGdeQXVyMTA4NjE0NjEy._V1_SX300.jpg"
              title="Tenet"
              type="movie"
              year="2020"
            />
          </div>
        </div>
      </div>
    </section>
    <section>
      <div
        class="container mx-auto px-6 text-center py-20 bg-[667eea]"
      >
        <h2
          class="mb-6 text-4xl font-bold text-center text-white"
        >
          Nominate Now!
        </h2>
        <h3
          class="my-4 text-2xl text-white"
        >
          Support your favorite movies, start nominating!
        </h3>
        <button
          class="bg-white text-gray-800 font-bold rounded-full mt-6 py-4 px-8 shadow-lg uppercase tracking-wider"
        >
          Search For Movies
        </button>
      </div>
    </section>
  </div>
</DocumentFragment>
`;
