// Jest Snapshot v1, https://goo.gl/fbAQLP

exports[`Home page matches snapshot 1`] = `
<DocumentFragment>
  <div
    class="container mx-auto pt-6"
  >
    <div
      class="flex justify-center max-w-screen-sm mx-auto overflow-hidden px-10"
    >
      <form
        class="w-full h-10 pl-3 pr-2 bg-white border rounded-full flex justify-between items-center relative"
      >
        <input
          autocomplete="off"
          class="text-gray-800 appearance-none w-full outline-none focus:outline-none active:outline-none"
          name="query"
          placeholder="Search movies by name..."
          type="text"
          value=""
        />
        <button
          class="ml-1 outline-none focus:outline-none active:outline-none"
          type="submit"
        >
          <svg
            class="w-6 h-6 fill-current text-gray-300"
            fill="none"
            stroke="currentColor"
            stroke-linecap="round"
            stroke-linejoin="round"
            stroke-width="2"
            viewBox="0 0 24 24"
          >
            <path
              d="M21 21l-6-6m2-5a7 7 0 11-14 0 7 7 0 0114 0z"
            />
          </svg>
        </button>
      </form>
    </div>
  </div>
</DocumentFragment>
`;
